// Jest Snapshot v1, https://goo.gl/fbAQLP

exports[`Loading 组件测试 create 1`] = `
<DocumentFragment>
  <div
    class="i-loading"
  >
    <div
      class="i-loading-spinner"
    >
      <i
        class="i-icon icon-Loading"
        style="font-size: 36px;"
      />
    </div>
    <div
      class="i-loading-info"
    />
  </div>
</DocumentFragment>
`;
