// Jest Snapshot v1, https://goo.gl/fbAQLP

exports[`ColorPicker 组件测试 create 1`] = `
<DocumentFragment>
  <div
    class="i-color-picker"
  >
    <div
      class="i-popup__reference"
    >
      <div
        class="i-color"
        style="background: rgb(94, 98, 234);"
      />
    </div>
  </div>
</DocumentFragment>
`;
