// Jest Snapshot v1, https://goo.gl/fbAQLP

exports[`Popover 组件测试 create 1`] = `
<DocumentFragment>
  <div
    class="i-popover__reference"
  >
    <section>
      <button>
        悬浮提示
      </button>
    </section>
  </div>
</DocumentFragment>
`;
