// Jest Snapshot v1, https://goo.gl/fbAQLP

exports[`Template 组件测试 create 1`] = `
<DocumentFragment>
  <div
    class="i-template"
  />
</DocumentFragment>
`;
