// Jest Snapshot v1, https://goo.gl/fbAQLP

exports[`Rate 组件测试 create 1`] = `
<DocumentFragment>
  <div
    class="i-rate"
  >
    <div
      class="i-rate-star"
    >
      <i
        class="i-icon icon-StarFill"
        style="font-size: 20px;"
      />
    </div>
    <div
      class="i-rate-star"
    >
      <i
        class="i-icon icon-StarFill"
        style="font-size: 20px;"
      />
    </div>
    <div
      class="i-rate-star"
    >
      <i
        class="i-icon icon-StarFill"
        style="font-size: 20px;"
      />
    </div>
    <div
      class="i-rate-star"
    >
      <i
        class="i-icon icon-StarFill"
        style="font-size: 20px;"
      />
    </div>
    <div
      class="i-rate-star"
    >
      <i
        class="i-icon icon-StarFill"
        style="font-size: 20px;"
      />
    </div>
  </div>
</DocumentFragment>
`;
