// Jest Snapshot v1, https://goo.gl/fbAQLP

exports[`Image 组件测试 create 1`] = `
<DocumentFragment>
  <div
    class="i-image"
  >
    <div
      class="i-loading"
    >
      <div
        class="i-loading-spinner"
      >
        <i
          class="i-icon icon-Loading"
          style="font-size: 36px;"
        />
      </div>
      <div
        class="i-loading-info"
      />
    </div>
    <div
      class="i-image-mask"
    >
      <i
        class="i-icon icon-View"
        style="color: rgb(255, 255, 255);"
      />
      预览
    </div>
    <div
      class="i-preview-dialog-wrapper"
    />
  </div>
</DocumentFragment>
`;
