// Jest Snapshot v1, https://goo.gl/fbAQLP

exports[`Dropdown 组件测试 create 1`] = `
<DocumentFragment>
  <div
    class="i-popup__reference"
  >
    <button>
      更多
    </button>
  </div>
</DocumentFragment>
`;
