// Jest Snapshot v1, https://goo.gl/fbAQLP

exports[`Dialog 组件测试 create 1`] = `<DocumentFragment />`;
