// Jest Snapshot v1, https://goo.gl/fbAQLP

exports[`Tag 组件测试 create 1`] = `
<DocumentFragment>
  <div
    class="i-tag i-tag--type-default"
  >
    标签
  </div>
</DocumentFragment>
`;
