// Jest Snapshot v1, https://goo.gl/fbAQLP

exports[`Message 组件测试 create 1`] = `
<DocumentFragment>
  <div
    class="i-message"
  >
    <i
      class="i-icon icon-TipInfo"
      style="font-size: 20px;"
    />
  </div>
</DocumentFragment>
`;
